[ 2026-09-07 14:02:14,374 ] 27 root - INFO - Started Data Ingestion method
[ 2026-09-07 14:02:14,423 ] 29 root - INFO - Dataset read as pandas Dataframe
[ 2026-09-07 14:02:14,750 ] 35 root - INFO - Train and Test Split Initiating
[ 2026-09-07 14:02:15,090 ] 42 root - INFO - Training and Testing Data Saved Successfully!
[ 2026-09-07 14:02:15,141 ] 78 root - INFO - Reading test and train dataset completed. 
[ 2026-09-07 14:02:15,142 ] 79 root - INFO - Training Head 
        id  carat      cut color clarity  depth  table     x     y     z  price
0   83475   0.32  Premium     E     SI1   61.6   58.0  4.38  4.41  2.71    614
1  160324   1.20  Premium     F     VS2   62.6   57.0  6.81  6.76  4.25   7002
2  101740   1.50    Ideal     I     VS2   62.2   55.0  7.30  7.26  4.53   9347
3  180341   1.67  Premium     I     SI2   61.9   59.0  7.65  7.61  4.71   8525
4   48480   1.00     Good     H     VS2   63.7   60.0  6.34  6.30  4.02   5217
[ 2026-09-07 14:02:15,143 ] 80 root - INFO - Testing Head 
        id  carat        cut color clarity  depth  table     x     y     z  price
0   14868   0.50      Ideal     D     SI1   62.1   57.0  5.05  5.08  3.14   1355
1  165613   2.00  Very Good     G     SI2   59.5   57.0  8.08  8.15  4.89  14691
2   96727   0.27    Premium     E    VVS1   60.5   59.0  4.19  4.16  2.52    844
3  145593   0.32    Premium     I    VVS1   61.2   59.0  4.43  4.44  2.71    707
4  118689   1.19      Ideal     H     SI1   62.5   56.0  6.77  6.81  4.23   5797
[ 2026-09-07 14:02:15,143 ] 83 root - INFO - Obtaining preprocessing object
[ 2026-09-07 14:02:15,143 ] 57 root - INFO - Categorical Columns"['cut', 'color', 'clarity']
[ 2026-09-07 14:02:15,143 ] 58 root - INFO - Numerical Columns   : ['carat', 'depth', 'table', 'x', 'y', 'z']
[ 2026-09-07 14:02:15,143 ] 97 root - INFO - Applying preprocessing object on training and testing datasets.
[ 2026-09-07 14:02:15,260 ] 111 root - INFO - Preprocessor pickle file saved
[ 2026-09-07 14:02:15,261 ] 36 root - INFO - Splitting dependent and independent Variables from train and test data:
[ 2026-09-07 14:03:04,314 ] 62 root - INFO - Model Report : {'Linear Regression': 0.9372975155452961, 'Lasso': 0.9372637996466201, 'Ridge': 0.9372968620700932, 'K-Neighbors Regressor': 0.9721140416974132, 'Decision Tree': 0.9570620854303881, 'Random Forest Regressor': 0.9771833978209993, 'XGBRegressor': 0.9788105835386505, 'CatBoosting Regressor': 0.9791856803920621, 'GradientBoosting Regressor': 0.9761322912414203, 'AdaBoost Regressor': 0.9041946864968479}
[ 2026-09-07 14:03:04,314 ] 76 root - INFO - Best Model Found , Model Name : CatBoosting Regressor , R2 Score : 0.9791856803920621
[ 2026-09-07 14:03:04,314 ] 77 root - INFO - Hyperparameter tuning started for catboost
[ 2026-09-07 14:04:06,244 ] 94 root - INFO - Hyperparameter tuning complete for Catboost
[ 2026-09-07 14:04:06,244 ] 95 root - INFO - Hyperparameter tuning started for KNN
[ 2026-09-07 14:04:38,451 ] 109 root - INFO - Hyperparameter tuning Complete for KNN
[ 2026-09-07 14:04:38,451 ] 110 root - INFO - Voting Regressor model training started
[ 2026-09-07 14:04:44,961 ] 117 root - INFO - Voting Regressor Training Completed
[ 2026-09-07 14:04:44,975 ] 123 root - INFO - Model pickle file saved
[ 2026-09-07 14:04:45,633 ] 127 root - INFO - Test MAE : 293.07186467695243
[ 2026-09-07 14:04:45,633 ] 128 root - INFO - Test RMSE : 574.9260149821948
[ 2026-09-07 14:04:45,633 ] 129 root - INFO - Test R2 Score : 0.9795452598222737
[ 2026-09-07 14:04:45,633 ] 130 root - INFO - Final Model Training Completed
