[ 2026-09-07 14:30:39,938 ] 97 werkzeug - INFO - [31m[1mWARNING: This is a development server. Do not use it in a production deployment. Use a production WSGI server instead.[0m
 * Running on all addresses (0.0.0.0)
 * Running on http://127.0.0.1:8000
 * Running on http://192.168.100.12:8000
[ 2026-09-07 14:30:39,938 ] 97 werkzeug - INFO - [33mPress CTRL+C to quit[0m
[ 2026-09-07 14:31:00,990 ] 875 application - ERROR - Exception on / [GET]
Traceback (most recent call last):
  File "/Users/Admin/Me only/DS project/.venv/lib/python3.14/site-packages/flask/app.py", line 1511, in wsgi_app
    response = self.full_dispatch_request()
  File "/Users/Admin/Me only/DS project/.venv/lib/python3.14/site-packages/flask/app.py", line 919, in full_dispatch_request
    rv = self.handle_user_exception(e)
  File "/Users/Admin/Me only/DS project/.venv/lib/python3.14/site-packages/flask/app.py", line 917, in full_dispatch_request
    rv = self.dispatch_request()
  File "/Users/Admin/Me only/DS project/.venv/lib/python3.14/site-packages/flask/app.py", line 902, in dispatch_request
    return self.ensure_sync(self.view_functions[rule.endpoint])(**view_args)  # type: ignore[no-any-return]
           ~~~~~~~~~~~~~~~~~~~~~~~~~~~~~~~~~~~~~~~~~~~~~~~~~~~~^^^^^^^^^^^^^
  File "/Users/Admin/Me only/DS project/.venv/lib/python3.14/site-packages/flask_cors/decorator.py", line 135, in wrapped_function
    resp = make_response(f(*args, **kwargs))
                         ~^^^^^^^^^^^^^^^^^
  File "/Users/Admin/Me only/DS project/application.py", line 12, in home_page
    return render_template('index.html')
  File "/Users/Admin/Me only/DS project/.venv/lib/python3.14/site-packages/flask/templating.py", line 150, in render_template
    template = app.jinja_env.get_or_select_template(template_name_or_list)
  File "/Users/Admin/Me only/DS project/.venv/lib/python3.14/site-packages/jinja2/environment.py", line 1087, in get_or_select_template
    return self.get_template(template_name_or_list, parent, globals)
           ~~~~~~~~~~~~~~~~~^^^^^^^^^^^^^^^^^^^^^^^^^^^^^^^^^^^^^^^^
  File "/Users/Admin/Me only/DS project/.venv/lib/python3.14/site-packages/jinja2/environment.py", line 1016, in get_template
    return self._load_template(name, globals)
           ~~~~~~~~~~~~~~~~~~~^^^^^^^^^^^^^^^
  File "/Users/Admin/Me only/DS project/.venv/lib/python3.14/site-packages/jinja2/environment.py", line 975, in _load_template
    template = self.loader.load(self, name, self.make_globals(globals))
  File "/Users/Admin/Me only/DS project/.venv/lib/python3.14/site-packages/jinja2/loaders.py", line 126, in load
    source, filename, uptodate = self.get_source(environment, name)
                                 ~~~~~~~~~~~~~~~^^^^^^^^^^^^^^^^^^^
  File "/Users/Admin/Me only/DS project/.venv/lib/python3.14/site-packages/flask/templating.py", line 66, in get_source
    return self._get_source_fast(environment, template)
           ~~~~~~~~~~~~~~~~~~~~~^^^^^^^^^^^^^^^^^^^^^^^
  File "/Users/Admin/Me only/DS project/.venv/lib/python3.14/site-packages/flask/templating.py", line 100, in _get_source_fast
    raise TemplateNotFound(template)
jinja2.exceptions.TemplateNotFound: index.html
[ 2026-09-07 14:31:00,993 ] 97 werkzeug - INFO - 127.0.0.1 - - [07/Sep/2026 14:31:00] "[35m[1mGET / HTTP/1.1[0m" 500 -
[ 2026-09-07 14:31:01,006 ] 97 werkzeug - INFO - 127.0.0.1 - - [07/Sep/2026 14:31:01] "[33mGET /favicon.ico HTTP/1.1[0m" 404 -
